The Sirs are: Astely Roll Surprise
There are 2 solutions.