The Sirs are: Beatrix Connor Samuel Uri Vincent Yuri
There are 3 solutions.