The Sirs are: David Francis Grace Harry
There are 3 solutions.