The Sirs are: Alice Bob Carol Dennis Eleonore Frank Greg Ian Ishmael John Julia Sirius
There are 2 solutions.