The Sirs are: Alice Bob Carol
There are 2 solutions.