The Sirs are: Eleonore Eve Frank Sanjay
There are 5 solutions.