The Sirs are: Ian Jason
There is a unique solution:
Sir Ian is a Knight.
Sir Jason is a Knave.