The Sirs are: Eleonore Eve Frank Sanjay
There are 10 solutions.