The Sirs are: Darius Garen Jinx Lee Riven
There are 2 solutions.