The Sirs are: Arthur Beatrix Michelle Tracy Xan Zoro
There are 2 solutions.