The Sirs are: Darius Garen Jinx Lee Riven Teemo
There are 2 solutions.