The Sirs are: Akali Ashe Darius Garen
There are 2 solutions.