The Sirs are: Darius Garen Jinx Lane Lee Riven Teemo Xin
There is no solution.