The Sirs are: Ahri Akali Ashe Darius
There is no solution.